// Jest Snapshot v1, https://goo.gl/fbAQLP

exports[`AuditCard should match the snapshot with data passed in 1`] = `
ShallowWrapper {
  Symbol(enzyme.__root__): [Circular],
  Symbol(enzyme.__unrendered__): <AuditCard
    id={1}
    name="Refrigerator Water Filter"
    room="Kitchen"
  />,
  Symbol(enzyme.__renderer__): Object {
    "batchedUpdates": [Function],
    "checkPropTypes": [Function],
    "getNode": [Function],
    "render": [Function],
    "simulateError": [Function],
    "simulateEvent": [Function],
    "unmount": [Function],
  },
  Symbol(enzyme.__node__): Object {
    "instance": null,
    "key": undefined,
    "nodeType": "host",
    "props": Object {
      "children": Array [
        <h3>
          Kitchen
           
          Refrigerator Water Filter
        </h3>,
        <NavLink
          to="/item/1"
        >
          Schedule
        </NavLink>,
      ],
      "className": "audit-card",
    },
    "ref": null,
    "rendered": Array [
      Object {
        "instance": null,
        "key": undefined,
        "nodeType": "host",
        "props": Object {
          "children": Array [
            "Kitchen",
            " ",
            "Refrigerator Water Filter",
          ],
        },
        "ref": null,
        "rendered": Array [
          "Kitchen",
          " ",
          "Refrigerator Water Filter",
        ],
        "type": "h3",
      },
      Object {
        "instance": null,
        "key": undefined,
        "nodeType": "function",
        "props": Object {
          "children": "Schedule",
          "to": "/item/1",
        },
        "ref": null,
        "rendered": "Schedule",
        "type": [Function],
      },
    ],
    "type": "div",
  },
  Symbol(enzyme.__nodes__): Array [
    Object {
      "instance": null,
      "key": undefined,
      "nodeType": "host",
      "props": Object {
        "children": Array [
          <h3>
            Kitchen
             
            Refrigerator Water Filter
          </h3>,
          <NavLink
            to="/item/1"
          >
            Schedule
          </NavLink>,
        ],
        "className": "audit-card",
      },
      "ref": null,
      "rendered": Array [
        Object {
          "instance": null,
          "key": undefined,
          "nodeType": "host",
          "props": Object {
            "children": Array [
              "Kitchen",
              " ",
              "Refrigerator Water Filter",
            ],
          },
          "ref": null,
          "rendered": Array [
            "Kitchen",
            " ",
            "Refrigerator Water Filter",
          ],
          "type": "h3",
        },
        Object {
          "instance": null,
          "key": undefined,
          "nodeType": "function",
          "props": Object {
            "children": "Schedule",
            "to": "/item/1",
          },
          "ref": null,
          "rendered": "Schedule",
          "type": [Function],
        },
      ],
      "type": "div",
    },
  ],
  Symbol(enzyme.__options__): Object {
    "adapter": ReactSixteenAdapter {
      "options": Object {
        "enableComponentDidUpdateOnSetState": true,
        "legacyContextMode": "parent",
        "lifecycles": Object {
          "componentDidUpdate": Object {
            "onSetState": true,
          },
          "getChildContext": Object {
            "calledByRenderer": false,
          },
          "getDerivedStateFromError": true,
          "getDerivedStateFromProps": Object {
            "hasShouldComponentUpdateBug": false,
          },
          "getSnapshotBeforeUpdate": true,
          "setState": Object {
            "skipsComponentDidUpdateOnNullish": true,
          },
        },
      },
    },
  },
}
`;
